[    2102ms] [INFO] %cDownload the React DevTools for a better development experience: https://react.dev/link/react-devtools font-weight:bold @ http://localhost:3000/_next/static/chunks/node_modules_next_dist_1e8vcs8._.js:776
[    2218ms] [LOG] [HMR] connected @ http://localhost:3000/_next/static/chunks/node_modules_next_dist_1e8vcs8._.js:776
[    5578ms] [WARNING] The resource http://localhost:3000/_next/static/media/a85fe84266768609-s.p.0h6ig86gwutp4.woff2 was preloaded using link preload but not used within a few seconds from the window's load event. Please make sure it has an appropriate `as` value and it is preloaded intentionally. @ http://localhost:3000/about:0
[   50640ms] [WARNING] The resource http://localhost:3000/_next/static/media/a85fe84266768609-s.p.0h6ig86gwutp4.woff2 was preloaded using link preload but not used within a few seconds from the window's load event. Please make sure it has an appropriate `as` value and it is preloaded intentionally. @ http://localhost:3000/pricing:0
[   55411ms] [WARNING] The resource http://localhost:3000/_next/static/media/a85fe84266768609-s.p.0h6ig86gwutp4.woff2 was preloaded using link preload but not used within a few seconds from the window's load event. Please make sure it has an appropriate `as` value and it is preloaded intentionally. @ http://localhost:3000/pricing:0
[ 6683663ms] [LOG] [Fast Refresh] rebuilding @ http://localhost:3000/_next/static/chunks/node_modules_next_dist_1e8vcs8._.js:776
[ 6683697ms] [LOG] [Fast Refresh] done in 137ms @ http://localhost:3000/_next/static/chunks/node_modules_next_dist_1e8vcs8._.js:776
[13759631ms] [LOG] [Fast Refresh] rebuilding @ http://localhost:3000/_next/static/chunks/node_modules_next_dist_1e8vcs8._.js:776
[13759813ms] [LOG] [Fast Refresh] done in 288ms @ http://localhost:3000/_next/static/chunks/node_modules_next_dist_1e8vcs8._.js:776
[13762788ms] [WARNING] The resource http://localhost:3000/_next/static/media/a85fe84266768609-s.p.0h6ig86gwutp4.woff2 was preloaded using link preload but not used within a few seconds from the window's load event. Please make sure it has an appropriate `as` value and it is preloaded intentionally. @ http://localhost:3000/pricing:0
[22030737ms] [LOG] [Fast Refresh] rebuilding @ http://localhost:3000/_next/static/chunks/node_modules_next_dist_1e8vcs8._.js:776
[22030809ms] [LOG] [Fast Refresh] done in 184ms @ http://localhost:3000/_next/static/chunks/node_modules_next_dist_1e8vcs8._.js:776
[23600630ms] [LOG] [Fast Refresh] rebuilding @ http://localhost:3000/_next/static/chunks/node_modules_next_dist_1e8vcs8._.js:776
[23600787ms] [LOG] [Fast Refresh] done in 264ms @ http://localhost:3000/_next/static/chunks/node_modules_next_dist_1e8vcs8._.js:776
[23603768ms] [WARNING] The resource http://localhost:3000/_next/static/media/a85fe84266768609-s.p.0h6ig86gwutp4.woff2 was preloaded using link preload but not used within a few seconds from the window's load event. Please make sure it has an appropriate `as` value and it is preloaded intentionally. @ http://localhost:3000/pricing:0
[24165058ms] [ERROR] WebSocket connection to 'ws://localhost:3000/_next/hmr?id=sP8AsT2or6bSzyBjE15tA' failed: Error in connection establishment: net::ERR_CONNECTION_REFUSED @ http://localhost:3000/_next/static/chunks/node_modules_next_dist_client_0_90u2t._.js:16348
[24168233ms] [ERROR] WebSocket connection to 'ws://localhost:3000/_next/hmr?id=sP8AsT2or6bSzyBjE15tA' failed: Error in connection establishment: net::ERR_CONNECTION_REFUSED @ http://localhost:3000/_next/static/chunks/node_modules_next_dist_client_0_90u2t._.js:16348
[24171487ms] [ERROR] WebSocket connection to 'ws://localhost:3000/_next/hmr?id=sP8AsT2or6bSzyBjE15tA' failed: Error in connection establishment: net::ERR_CONNECTION_REFUSED @ http://localhost:3000/_next/static/chunks/node_modules_next_dist_client_0_90u2t._.js:16348
[24172732ms] [ERROR] WebSocket connection to 'ws://localhost:3000/_next/hmr?id=sP8AsT2or6bSzyBjE15tA' failed: Error in connection establishment: net::ERR_CONNECTION_REFUSED @ http://localhost:3000/_next/static/chunks/node_modules_next_dist_client_0_90u2t._.js:16348
[24173749ms] [ERROR] WebSocket connection to 'ws://localhost:3000/_next/hmr?id=sP8AsT2or6bSzyBjE15tA' failed: Error in connection establishment: net::ERR_CONNECTION_REFUSED @ http://localhost:3000/_next/static/chunks/node_modules_next_dist_client_0_90u2t._.js:16348
[24178778ms] [ERROR] WebSocket connection to 'ws://localhost:3000/_next/hmr?id=sP8AsT2or6bSzyBjE15tA' failed: Error in connection establishment: net::ERR_CONNECTION_REFUSED @ http://localhost:3000/_next/static/chunks/node_modules_next_dist_client_0_90u2t._.js:16348
[24183811ms] [ERROR] WebSocket connection to 'ws://localhost:3000/_next/hmr?id=sP8AsT2or6bSzyBjE15tA' failed: Error in connection establishment: net::ERR_CONNECTION_REFUSED @ http://localhost:3000/_next/static/chunks/node_modules_next_dist_client_0_90u2t._.js:16348
